// Jest Snapshot v1, https://goo.gl/fbAQLP

exports[`useSingleton headless mode updates content correctly 1`] = `
<div
  data-tippy-root=""
  id="tippy-4"
  style="pointer-events: none; z-index: 9999; transition: none; position: absolute; left: 0px; top: 0px; margin: 0px;"
>
  <div>
    a
  </div>
</div>
`;

exports[`useSingleton headless mode updates content correctly 2`] = `
<div
  data-tippy-root=""
  id="tippy-4"
  style="pointer-events: none; z-index: 9999; transition: none; position: absolute; left: 0px; top: 0px; margin: 0px;"
>
  <div>
    b
  </div>
</div>
`;
